// Jest Snapshot v1, https://goo.gl/fbAQLP

exports[`renders the supplied drink 1`] = `
<div>
  <div
    class="jsx-3131265984 drinkPanel "
    data-testid="drinkPanel"
  >
    <div
      class="jsx-3131265984 title"
    >
      test-name
    </div>
    <div
      class="jsx-3131265984 topPanel"
    >
      <div
        class="jsx-3131265984 overview"
      >
        <div
          class="jsx-3131265984 imageContainer"
        >
          <img
            alt="test-name"
            class="jsx-3131265984 image"
            src="./img/drinks/test-image"
          />
        </div>
        <div
          class="jsx-3131265984 overviewText"
        >
          <div
            class="jsx-3131265984 difficulty"
          >
            test-difficulty
          </div>
          <div
            class="jsx-3131265984 base"
          >
            test-base
          </div>
          <div
            class="jsx-3131265984 flavour"
          >
            test1, test2
          </div>
        </div>
      </div>
      <div
        class="jsx-3131265984 ingredients"
      >
        <div>
          10ml ING1  •  20ml ING2 OR ING3
        </div>
        <div>
          5ml ING4 (OPTIONAL)
        </div>
      </div>
      <div
        class="jsx-3131265984 methodExpander"
      >
        Method 
        ▼
      </div>
      <div
        class="jsx-3131265984 addToSaved"
      >
        ♡
         Add to saved
      </div>
    </div>
    <div
      class="jsx-3131265984 instructions "
      data-testid="instructions"
    >
      <div
        class="jsx-3131265984 instructionLine"
      >
        inst1
      </div>
      <div
        class="jsx-3131265984 instructionLine"
      >
        inst2
      </div>
    </div>
  </div>
</div>
`;
