// Jest Snapshot v1, https://goo.gl/fbAQLP

exports[`renders the supplied drink item 1`] = `
<div>
  <div
    class="jsx-2343412649 drinkItem"
  >
    <div
      class="jsx-2343412649 name"
    >
      test-name
    </div>
    <div
      class="jsx-2343412649 imageContainer"
    >
      <img
        alt="test-name"
        class="jsx-2343412649 image"
        src="./img/drinks/test-image"
      />
    </div>
    <div
      class="jsx-2343412649 ingredients"
    >
      <div>
        ing1
      </div>
      <div>
        ing2 or ing3
      </div>
      <div>
        ing4 (optional)
      </div>
    </div>
  </div>
</div>
`;
