// Jest Snapshot v1, https://goo.gl/fbAQLP

exports[`renders the supplied drink 1`] = `
<div>
  <div
    class="jsx-4223513666 drink-panel "
    data-testid="drinkPanel"
  >
    <div
      class="jsx-4223513666 standard-image "
    />
    <div
      class="jsx-4223513666 larger-image "
    />
    <div
      class="jsx-4223513666 title"
    >
      test-name
    </div>
    <div
      class="jsx-4223513666 top-panel"
    >
      <div
        class="jsx-4223513666 overview"
      >
        <div
          class="jsx-4223513666 image-container"
        >
          <img
            alt="test-name"
            class="jsx-4223513666 image"
            src="./img/drinks/test-image"
          />
        </div>
        <div
          class="jsx-4223513666 overviewText"
        >
          <div
            class="jsx-4223513666 difficulty"
          >
            <span
              class="jsx-4223513666 icon difficulty-icon"
            />
             
            test-difficulty
          </div>
          <div
            class="jsx-4223513666 base"
          >
            <span
              class="jsx-4223513666 icon base-icon"
            />
             
            test-base
          </div>
          <div
            class="jsx-4223513666 flavour"
          >
            <span
              class="jsx-4223513666 icon flavour-icon"
            />
             
            test1, test2
          </div>
        </div>
      </div>
      <div
        class="jsx-4223513666 ingredients"
      >
        <div>
          10ml ING1  •  20ml ING2 OR ING3
        </div>
        <div>
          5ml ING4 (OPTIONAL)
        </div>
      </div>
      <div
        class="jsx-4223513666 method-expander"
      >
        Method 
        <span
          class="jsx-4223513666 icon expand-arrow"
        />
      </div>
      <div
        class="jsx-4223513666 add-to-saved"
      >
        <div
          class="jsx-4223513666 heart"
        />
        <div
          class="jsx-4223513666 saved-text"
        >
          Add to saved
        </div>
      </div>
    </div>
    <div
      class="jsx-4223513666 instructions "
      data-testid="instructions"
    >
      <div
        class="jsx-4223513666 instruction-line"
      >
        • inst1
      </div>
      <div
        class="jsx-4223513666 instruction-line"
      >
        • inst2
      </div>
    </div>
  </div>
</div>
`;
