// Jest Snapshot v1, https://goo.gl/fbAQLP

exports[`renders the supplied drink 1`] = `
<div>
  <div
    class="jsx-819583041 drink-panel "
    data-testid="drinkPanel"
  >
    <div
      class="jsx-819583041 standard-image "
    />
    <div
      class="jsx-819583041 larger-image "
    />
    <div
      class="jsx-819583041 title"
    >
      test-name
    </div>
    <div
      class="jsx-819583041 top-panel"
    >
      <div
        class="jsx-819583041 overview"
      >
        <div
          class="jsx-819583041 image-container"
        >
          <img
            alt="test-name"
            class="jsx-819583041 image"
            src="./img/drinks/test-image"
          />
        </div>
        <div
          class="jsx-819583041 overviewText"
        >
          <div
            class="jsx-819583041 difficulty"
          >
            <span
              class="jsx-819583041 icon difficulty-icon"
            />
             
            test-difficulty
          </div>
          <div
            class="jsx-819583041 base"
          >
            <span
              class="jsx-819583041 icon base-icon"
            />
             
            test-base
          </div>
          <div
            class="jsx-819583041 flavour"
          >
            <span
              class="jsx-819583041 icon flavour-icon"
            />
             
            test1, test2
          </div>
        </div>
      </div>
      <div
        class="jsx-819583041 ingredients"
      >
        <div>
          10ml ING1  •  20ml ING2 OR ING3
        </div>
        <div>
          5ml ING4 (OPTIONAL)
        </div>
      </div>
      <div
        class="jsx-819583041 method-expander"
      >
        Method 
        <span
          class="jsx-819583041 icon expand-arrow"
        />
      </div>
      <div
        class="jsx-819583041 add-to-saved"
      >
        <div
          class="jsx-819583041 heart"
        />
        <div
          class="jsx-819583041 saved-text"
        >
          Add to saved
        </div>
      </div>
    </div>
    <div
      class="jsx-819583041 instructions "
      data-testid="instructions"
    >
      <div
        class="jsx-819583041 instruction-line"
      >
        • inst1
      </div>
      <div
        class="jsx-819583041 instruction-line"
      >
        • inst2
      </div>
    </div>
  </div>
</div>
`;
