// Jest Snapshot v1, https://goo.gl/fbAQLP

exports[`renders correct filters 1`] = `
<div>
  <div
    class="jsx-1150314341"
  >
    <div
      class="jsx-1717351303 search-box"
    >
      <div
        class="jsx-1717351303 search-container "
      >
        <div
          class="jsx-1717351303 search-icon"
        />
        <input
          class="jsx-1717351303 search-input"
          title="search-input"
          type="text"
          value=""
        />
      </div>
    </div>
    <div
      class="jsx-1813624227 dropdown-container"
    >
      <select
        class="jsx-1813624227"
        data-testid="type-filter"
      >
        <option
          class="jsx-1813624227"
          value="all"
        >
          All types
        </option>
        <option
          class="jsx-1813624227"
          value="alcoholic"
        >
          Alcoholic
        </option>
        <option
          class="jsx-1813624227"
          value="virgin"
        >
          Virgin
        </option>
      </select>
      <span
        class="jsx-1813624227 arrow"
        tabindex="0"
      />
    </div>
    <div
      class="jsx-1813624227 dropdown-container"
    >
      <select
        class="jsx-1813624227"
        data-testid="difficulty-filter"
      >
        <option
          class="jsx-1813624227"
          value="all"
        >
          Any effort
        </option>
        <option
          class="jsx-1813624227"
          value="Easy"
        >
          Easy
        </option>
        <option
          class="jsx-1813624227"
          value="Medium"
        >
          Medium
        </option>
        <option
          class="jsx-1813624227"
          value="Hard"
        >
          Hard
        </option>
      </select>
      <span
        class="jsx-1813624227 arrow"
        tabindex="0"
      />
    </div>
    <div
      class="jsx-1813624227 dropdown-container"
    >
      <select
        class="jsx-1813624227"
        data-testid="base-filter"
      >
        <option
          class="jsx-1813624227"
          value="all"
        >
          All bases
        </option>
        <option
          class="jsx-1813624227"
          value="Baileys"
        >
          Baileys
        </option>
        <option
          class="jsx-1813624227"
          value="Brandy"
        >
          Brandy
        </option>
        <option
          class="jsx-1813624227"
          value="Cherry brandy"
        >
          Cherry brandy
        </option>
        <option
          class="jsx-1813624227"
          value="Coconut liqueur"
        >
          Coconut liqueur
        </option>
        <option
          class="jsx-1813624227"
          value="Cognac"
        >
          Cognac
        </option>
        <option
          class="jsx-1813624227"
          value="Creme de menthe"
        >
          Creme de menthe
        </option>
        <option
          class="jsx-1813624227"
          value="Elderflower"
        >
          Elderflower
        </option>
        <option
          class="jsx-1813624227"
          value="Galliano"
        >
          Galliano
        </option>
        <option
          class="jsx-1813624227"
          value="Gin"
        >
          Gin
        </option>
        <option
          class="jsx-1813624227"
          value="Ginger beer"
        >
          Ginger beer
        </option>
        <option
          class="jsx-1813624227"
          value="Iced tea"
        >
          Iced tea
        </option>
        <option
          class="jsx-1813624227"
          value="Midori"
        >
          Midori
        </option>
        <option
          class="jsx-1813624227"
          value="Rum"
        >
          Rum
        </option>
        <option
          class="jsx-1813624227"
          value="Tea"
        >
          Tea
        </option>
        <option
          class="jsx-1813624227"
          value="Tequila"
        >
          Tequila
        </option>
        <option
          class="jsx-1813624227"
          value="Vodka"
        >
          Vodka
        </option>
        <option
          class="jsx-1813624227"
          value="Whiskey"
        >
          Whiskey
        </option>
      </select>
      <span
        class="jsx-1813624227 arrow"
        tabindex="0"
      />
    </div>
    <div
      class="jsx-1813624227 dropdown-container"
    >
      <select
        class="jsx-1813624227"
        data-testid="flavour-filter"
      >
        <option
          class="jsx-1813624227"
          value="all"
        >
          All flavour
        </option>
        <option
          class="jsx-1813624227"
          value="Aniseed"
        >
          Aniseed
        </option>
        <option
          class="jsx-1813624227"
          value="Apple"
        >
          Apple
        </option>
        <option
          class="jsx-1813624227"
          value="Bitter"
        >
          Bitter
        </option>
        <option
          class="jsx-1813624227"
          value="Botanical"
        >
          Botanical
        </option>
        <option
          class="jsx-1813624227"
          value="Cherry"
        >
          Cherry
        </option>
        <option
          class="jsx-1813624227"
          value="Citrus"
        >
          Citrus
        </option>
        <option
          class="jsx-1813624227"
          value="Coconut"
        >
          Coconut
        </option>
        <option
          class="jsx-1813624227"
          value="Coffee"
        >
          Coffee
        </option>
        <option
          class="jsx-1813624227"
          value="Coke"
        >
          Coke
        </option>
        <option
          class="jsx-1813624227"
          value="Creamy"
        >
          Creamy
        </option>
        <option
          class="jsx-1813624227"
          value="Frozen"
        >
          Frozen
        </option>
        <option
          class="jsx-1813624227"
          value="Fruity"
        >
          Fruity
        </option>
        <option
          class="jsx-1813624227"
          value="Ginger"
        >
          Ginger
        </option>
        <option
          class="jsx-1813624227"
          value="Ice cream"
        >
          Ice cream
        </option>
        <option
          class="jsx-1813624227"
          value="Menthe"
        >
          Menthe
        </option>
        <option
          class="jsx-1813624227"
          value="Mint"
        >
          Mint
        </option>
        <option
          class="jsx-1813624227"
          value="Orange"
        >
          Orange
        </option>
        <option
          class="jsx-1813624227"
          value="Refreshing"
        >
          Refreshing
        </option>
        <option
          class="jsx-1813624227"
          value="Smokey"
        >
          Smokey
        </option>
        <option
          class="jsx-1813624227"
          value="Sour"
        >
          Sour
        </option>
        <option
          class="jsx-1813624227"
          value="Strawberry"
        >
          Strawberry
        </option>
        <option
          class="jsx-1813624227"
          value="Strong"
        >
          Strong
        </option>
        <option
          class="jsx-1813624227"
          value="Sweet"
        >
          Sweet
        </option>
        <option
          class="jsx-1813624227"
          value="Tea"
        >
          Tea
        </option>
        <option
          class="jsx-1813624227"
          value="Tropical"
        >
          Tropical
        </option>
      </select>
      <span
        class="jsx-1813624227 arrow"
        tabindex="0"
      />
    </div>
  </div>
</div>
`;
