// Jest Snapshot v1, https://goo.gl/fbAQLP

exports[`creates the instructions panel component 1`] = `
<div>
  <div
    class="jsx-2656356009 instructionPanel"
    data-testid="instructionPanel"
  >
    <div
      class="jsx-2656356009 title"
    >
      Instructions
    </div>
    <div
      class="jsx-2656356009 close"
    >
      X
    </div>
    <div
      class="jsx-2656356009 titleBar"
    >
      <div
        class="jsx-2656356009 imageContainer"
      >
        <img
          alt="test drink name"
          class="jsx-2656356009 image"
          src="./img/drinks/testimage.jpg"
        />
      </div>
      <div
        class="jsx-2656356009 titleBarText"
      >
        <div
          class="jsx-2656356009 name"
        >
          test drink name
        </div>
        <div
          class="jsx-2656356009 ingredients"
        >
          <div>
            60ml test-ingredient
          </div>
          <div>
            30ml less-ingredient
          </div>
        </div>
      </div>
    </div>
    <div
      class="jsx-2656356009 instructions"
    >
      <div
        class="jsx-2656356009 instructionLine"
      >
        test instruction1
      </div>
      <div
        class="jsx-2656356009 instructionLine"
      >
        test instruction2
      </div>
    </div>
  </div>
</div>
`;
