// Jest Snapshot v1, https://goo.gl/fbAQLP

exports[`navigation renders with all links 1`] = `
<div>
  <div
    class="jsx-443837931"
  >
    <img
      alt="The Drunken Goose"
      class="jsx-443837931 goose-title"
      src="./img/full-logo.png"
    />
    <a
      class="jsx-4272074681"
      href="/about"
    >
      About us
    </a>
    <a
      class="jsx-4272074681"
      href="/menu"
    >
      Menu
    </a>
  </div>
</div>
`;
