// Jest Snapshot v1, https://goo.gl/fbAQLP

exports[`button renders with correct label 1`] = `
<div>
  <div
    class="jsx-3407900810"
  >
    <img
      alt="The Drunken Goose"
      class="jsx-3407900810 goose-title"
      src="./img/full-logo.png"
    />
    <a
      class="jsx-1730214407"
      href="/about"
    >
      About us
    </a>
    <a
      class="jsx-1730214407"
      href="/menu"
    >
      Menu
    </a>
  </div>
</div>
`;
