// Jest Snapshot v1, https://goo.gl/fbAQLP

exports[`renders navigation 1`] = `
Array [
  <a
    class="jsx-1408471594 selected"
    href="/"
  >
    Recipes
  </a>,
  <a
    class="jsx-1408471594 "
    href="/saved"
  >
    Saved
  </a>,
  <a
    class="jsx-1408471594 "
    href="/about"
  >
    About us
  </a>,
]
`;
