// Jest Snapshot v1, https://goo.gl/fbAQLP

exports[`renders about section 1`] = `
<div>
  <div
    class="jsx-487659404 text"
  >
    <div
      class="jsx-487659404"
    >
      The Drunken Goose is a cocktail bar serving the very best in drinks and company.
    </div>
    <div
      class="jsx-487659404"
    >
      We can be found serving beside the campfires in campsites and gardens around the UK.
    </div>
  </div>
  <img
    alt="Drunken Goose Crew"
    class="jsx-487659404"
    src="./img/goose1.jpg"
  />
  <img
    alt="Drunken Goose"
    class="jsx-487659404"
    src="./img/goose2.jpg"
  />
  <img
    alt="Drunken Goose"
    class="jsx-487659404"
    src="./img/goose3.jpg"
  />
  <img
    alt="Drunken Goose"
    class="jsx-487659404"
    src="./img/goose4.jpg"
  />
  <div
    class="jsx-487659404 text last"
  >
    <div
      class="jsx-487659404"
    >
      For queries we can be contacted at 
      <a
        class="jsx-487659404"
        href="mailto:contact@thedrunkengoose.com"
      >
        contact@thedrunkengoose.com
      </a>
    </div>
  </div>
</div>
`;
