// Jest Snapshot v1, https://goo.gl/fbAQLP

exports[`the menu displays drinks and selection items 1`] = `
<div>
  <span
    class="jsx-4048178988 selected"
  >
    Alcoholic
  </span>
  <span
    class="jsx-4048178988 "
  >
    Virgin
  </span>
  <div
    class="jsx-2660153506 drinkList"
  >
    <div
      class="jsx-2343412649 drinkItem"
    >
      <div
        class="jsx-2343412649 name"
      >
        Test Drink1
      </div>
      <div
        class="jsx-2343412649 imageContainer"
      >
        <img
          alt="Test Drink1"
          class="jsx-2343412649 image"
          src="./img/drinks/test.jpg"
        />
      </div>
      <div
        class="jsx-2343412649 ingredients"
      >
        <div>
          test ingredient 1
        </div>
        <div>
          test ingredient 2
        </div>
      </div>
    </div>
    <div
      class="jsx-2343412649 drinkItem"
    >
      <div
        class="jsx-2343412649 name"
      >
        Test Drink2
      </div>
      <div
        class="jsx-2343412649 imageContainer"
      >
        <img
          alt="Test Drink2"
          class="jsx-2343412649 image"
          src="./img/drinks/test2.jpg"
        />
      </div>
      <div
        class="jsx-2343412649 ingredients"
      >
        <div>
          test ingredient 1
        </div>
        <div>
          test ingredient 3
        </div>
      </div>
    </div>
  </div>
</div>
`;
