// Jest Snapshot v1, https://goo.gl/fbAQLP

exports[`the menu displays drinks and selection items 1`] = `
<div>
  <div
    class="jsx-2657862061"
  >
    <span
      class="jsx-2657862061 selected"
    >
      Alcoholic
    </span>
    <span
      class="jsx-2657862061 "
    >
      Virgin
    </span>
  </div>
  <div
    class="jsx-2656356009 instructionPanel"
    data-testid="instructionPanel"
  >
    <div
      class="jsx-2656356009 title"
    >
      Instructions
    </div>
    <div
      class="jsx-2656356009 close"
    >
      X
    </div>
    <div
      class="jsx-2656356009 titleBar"
    >
      <div
        class="jsx-2656356009 titleBarText"
      >
        <div
          class="jsx-2656356009 name"
        />
        <div
          class="jsx-2656356009 ingredients"
        />
      </div>
    </div>
    <div
      class="jsx-2656356009 instructions"
    />
  </div>
  <div
    class="jsx-1499698495 drinkList"
  >
    <div
      class="jsx-2343412649 drinkItem"
    >
      <div
        class="jsx-2343412649 name"
      >
        Test Drink1
      </div>
      <div
        class="jsx-2343412649 imageContainer"
      >
        <img
          alt="Test Drink1"
          class="jsx-2343412649 image"
          src="./img/drinks/test.jpg"
        />
      </div>
      <div
        class="jsx-2343412649 ingredients"
      >
        <div>
          test ingredient 1
        </div>
        <div>
          test ingredient 2
        </div>
      </div>
    </div>
    <div
      class="jsx-2343412649 drinkItem"
    >
      <div
        class="jsx-2343412649 name"
      >
        Test Drink2
      </div>
      <div
        class="jsx-2343412649 imageContainer"
      >
        <img
          alt="Test Drink2"
          class="jsx-2343412649 image"
          src="./img/drinks/test2.jpg"
        />
      </div>
      <div
        class="jsx-2343412649 ingredients"
      >
        <div>
          test ingredient 1
        </div>
        <div>
          test ingredient 3
        </div>
      </div>
    </div>
  </div>
</div>
`;
