// Jest Snapshot v1, https://goo.gl/fbAQLP

exports[`renders saved section 1`] = `
<div>
  <div
    class="jsx-1150314341"
  >
    <div
      class="jsx-2581370727 search-box"
    >
      <div
        class="jsx-2581370727 search-container "
      >
        <div
          class="jsx-2581370727 search-icon"
        />
        <input
          class="jsx-2581370727 search-input"
          data-testid="search"
          title="search-input"
          type="text"
          value=""
        />
      </div>
    </div>
    <div
      class="jsx-2854589536 dropdown-container"
    >
      <select
        class="jsx-2854589536"
        data-testid="type-filter"
      >
        <option
          class="jsx-2854589536"
          value="all"
        >
          All types
        </option>
        <option
          class="jsx-2854589536"
          value="alcoholic"
        >
          Alcoholic
        </option>
        <option
          class="jsx-2854589536"
          value="virgin"
        >
          Virgin
        </option>
      </select>
      <span
        class="jsx-2854589536 arrow"
        tabindex="0"
      />
    </div>
    <div
      class="jsx-2854589536 dropdown-container"
    >
      <select
        class="jsx-2854589536"
        data-testid="difficulty-filter"
      >
        <option
          class="jsx-2854589536"
          value="all"
        >
          Any effort
        </option>
        <option
          class="jsx-2854589536"
          value="Easy"
        >
          Easy
        </option>
        <option
          class="jsx-2854589536"
          value="Hard"
        >
          Hard
        </option>
      </select>
      <span
        class="jsx-2854589536 arrow"
        tabindex="0"
      />
    </div>
    <div
      class="jsx-2854589536 dropdown-container"
    >
      <select
        class="jsx-2854589536"
        data-testid="base-filter"
      >
        <option
          class="jsx-2854589536"
          value="all"
        >
          All bases
        </option>
        <option
          class="jsx-2854589536"
          value="Gin"
        >
          Gin
        </option>
        <option
          class="jsx-2854589536"
          value="Whiskey"
        >
          Whiskey
        </option>
      </select>
      <span
        class="jsx-2854589536 arrow"
        tabindex="0"
      />
    </div>
    <div
      class="jsx-2854589536 dropdown-container"
    >
      <select
        class="jsx-2854589536"
        data-testid="flavour-filter"
      >
        <option
          class="jsx-2854589536"
          value="all"
        >
          All flavour
        </option>
        <option
          class="jsx-2854589536"
          value="Ginger"
        >
          Ginger
        </option>
        <option
          class="jsx-2854589536"
          value="Lemonade"
        >
          Lemonade
        </option>
        <option
          class="jsx-2854589536"
          value="Strong"
        >
          Strong
        </option>
      </select>
      <span
        class="jsx-2854589536 arrow"
        tabindex="0"
      />
    </div>
  </div>
  <div
    class="jsx-4223513666 drink-panel "
    data-testid="drinkPanel"
  >
    <div
      class="jsx-4223513666 standard-image "
    />
    <div
      class="jsx-4223513666 larger-image "
    />
    <div
      class="jsx-4223513666 title"
    >
      drink2
    </div>
    <div
      class="jsx-4223513666 top-panel"
    >
      <div
        class="jsx-4223513666 overview"
      >
        <div
          class="jsx-4223513666 image-container"
        >
          <img
            alt="drink2"
            class="jsx-4223513666 image"
            src="./img/drinks/drink2.jpg"
          />
        </div>
        <div
          class="jsx-4223513666 overviewText"
        >
          <div
            class="jsx-4223513666 difficulty"
          >
            <span
              class="jsx-4223513666 icon difficulty-icon"
            />
             
            Hard
          </div>
          <div
            class="jsx-4223513666 base"
          >
            <span
              class="jsx-4223513666 icon base-icon"
            />
             
            Gin
          </div>
          <div
            class="jsx-4223513666 flavour"
          >
            <span
              class="jsx-4223513666 icon flavour-icon"
            />
             
            Lemonade, Ginger
          </div>
        </div>
      </div>
      <div
        class="jsx-4223513666 ingredients"
      >
        <div>
          50ml LEMONADE
        </div>
      </div>
      <div
        class="jsx-4223513666 method-expander"
      >
        Method 
        <span
          class="jsx-4223513666 icon expand-arrow"
        />
      </div>
      <div
        class="jsx-4223513666 add-to-saved"
      >
        <div
          class="jsx-4223513666 heart filled"
        />
        <div
          class="jsx-4223513666 saved-text"
        >
          Saved
        </div>
      </div>
    </div>
    <div
      class="jsx-4223513666 instructions "
      data-testid="instructions"
    >
      <div
        class="jsx-4223513666 instruction-line"
      >
        • inst3
      </div>
      <div
        class="jsx-4223513666 instruction-line"
      >
        • inst4
      </div>
    </div>
  </div>
</div>
`;
